Main.hx:12: characters 10-23 : Err does not have a constructor